#-----------------------------------------------------------
# Vivado v2018.3 (64-bit)
# SW Build 2405991 on Thu Dec  6 23:38:27 MST 2018
# IP Build 2404404 on Fri Dec  7 01:43:56 MST 2018
# Start of session at: Sat May 15 11:25:50 2021
# Process ID: 8808
# Current directory: B:/COLLEGE/Thesis/Source/IP/multiplier
# Command line: vivado.exe -gui_launcher_event rodinguilauncherevent15220 B:\COLLEGE\Thesis\Source\IP\multiplier\edit_my_multiplier_v1_2.xpr
# Log file: B:/COLLEGE/Thesis/Source/IP/multiplier/vivado.log
# Journal file: B:/COLLEGE/Thesis/Source/IP/multiplier\vivado.jou
#-----------------------------------------------------------
start_gui
open_project B:/COLLEGE/Thesis/Source/IP/multiplier/edit_my_multiplier_v1_2.xpr
update_compile_order -fileset sources_1
ipx::open_ipxact_file B:/COLLEGE/Thesis/Source/IP/multiplier/my_multiplier_1.2/component.xml
ipx::add_register reg0 [ipx::get_address_blocks S00_AXI_reg -of_objects [ipx::get_memory_maps S00_AXI -of_objects [ipx::current_core]]]
ipx::remove_register reg0 [ipx::get_address_blocks S00_AXI_reg -of_objects [ipx::get_memory_maps S00_AXI -of_objects [ipx::current_core]]]
ipx::add_register a [ipx::get_address_blocks S00_AXI_reg -of_objects [ipx::get_memory_maps S00_AXI -of_objects [ipx::current_core]]]
ipx::add_register b [ipx::get_address_blocks S00_AXI_reg -of_objects [ipx::get_memory_maps S00_AXI -of_objects [ipx::current_core]]]
ipx::add_register c [ipx::get_address_blocks S00_AXI_reg -of_objects [ipx::get_memory_maps S00_AXI -of_objects [ipx::current_core]]]
ipx::update_checksums [ipx::current_core]
ipx::save_core [ipx::current_core]
ipx::merge_project_changes hdl_parameters [ipx::current_core]
ipx::merge_project_changes files [ipx::current_core]
set_property core_revision 5 [ipx::current_core]
ipx::create_xgui_files [ipx::current_core]
ipx::update_checksums [ipx::current_core]
ipx::save_core [ipx::current_core]
update_ip_catalog -rebuild -repo_path b:/COLLEGE/Thesis/Source/IP/multiplier/my_multiplier_1.2
set_property core_revision 6 [ipx::current_core]
ipx::create_xgui_files [ipx::current_core]
ipx::update_checksums [ipx::current_core]
ipx::save_core [ipx::current_core]
update_ip_catalog -rebuild -repo_path b:/COLLEGE/Thesis/Source/IP/multiplier/my_multiplier_1.2
set_property core_revision 7 [ipx::current_core]
ipx::create_xgui_files [ipx::current_core]
ipx::update_checksums [ipx::current_core]
ipx::save_core [ipx::current_core]
update_ip_catalog -rebuild -repo_path b:/COLLEGE/Thesis/Source/IP/multiplier/my_multiplier_1.2
